// Jest Snapshot v1, https://goo.gl/fbAQLP

exports[`<FileCardView />, renders with files as props 1`] = `
<Styled(Grid)
  fluid={true}
>
  <Styled(Row)>
    <Styled(Col)
      lg={3}
      md={4}
      sm={12}
    >
      <File
        file={
          Object {
            "createdAt": "2017-01-31T21:57:10.360Z",
            "fileDescription": null,
            "fileName": "BkRV_tCDe.jpg",
            "fileType": "image/jpeg",
            "id": "371de676-e800-11e6-8074-c39f798a0b4e",
            "originalName": "fullsize.jpg",
            "s3Key": null,
            "safeName": "BkRV_tCDe.jpg",
            "updatedAt": "2017-01-31T21:57:10.360Z",
            "url": "/files/BkRV_tCDe.jpg",
            "userId": "1b062e26-df71-48ce-b363-4ae9b966e7a0",
          }
        }
      />
    </Styled(Col)>
    <Styled(Col)
      lg={3}
      md={4}
      sm={12}
    >
      <File
        file={
          Object {
            "createdAt": "2017-01-31T21:57:41.632Z",
            "fileDescription": null,
            "fileName": "SkR8Ot0Pe.png",
            "fileType": "image/png",
            "id": "49c1623a-e800-11e6-a4fa-0799ce87461d",
            "originalName": "screenshot-test.png",
            "s3Key": null,
            "safeName": "SkR8Ot0Pe.png",
            "updatedAt": "2017-01-31T21:57:41.632Z",
            "url": "/files/SkR8Ot0Pe.png",
            "userId": "1b062e26-df71-48ce-b363-4ae9b966e7a0",
          }
        }
      />
    </Styled(Col)>
  </Styled(Row)>
</Styled(Grid)>
`;
