exports[`test <FileCardView />, renders with files as props 1`] = `
<Grid
  componentClass="div"
  fluid={true}>
  <Row
    componentClass="div">
    <Col
      componentClass="div"
      lg={3}
      md={4}
      sm={12}>
      <File
        file={
          Object {
            "created_at": "2017-01-31T21:57:10.360Z",
            "file_description": null,
            "file_name": "BkRV_tCDe.jpg",
            "file_type": "image/jpeg",
            "id": "371de676-e800-11e6-8074-c39f798a0b4e",
            "original_name": "fullsize.jpg",
            "s3_key": null,
            "safe_name": "BkRV_tCDe.jpg",
            "updated_at": "2017-01-31T21:57:10.360Z",
            "url": "/files/BkRV_tCDe.jpg",
            "user_id": "1b062e26-df71-48ce-b363-4ae9b966e7a0",
          }
        } />
    </Col>
    <Col
      componentClass="div"
      lg={3}
      md={4}
      sm={12}>
      <File
        file={
          Object {
            "created_at": "2017-01-31T21:57:41.632Z",
            "file_description": null,
            "file_name": "SkR8Ot0Pe.png",
            "file_type": "image/png",
            "id": "49c1623a-e800-11e6-a4fa-0799ce87461d",
            "original_name": "screenshot-test.png",
            "s3_key": null,
            "safe_name": "SkR8Ot0Pe.png",
            "updated_at": "2017-01-31T21:57:41.632Z",
            "url": "/files/SkR8Ot0Pe.png",
            "user_id": "1b062e26-df71-48ce-b363-4ae9b966e7a0",
          }
        } />
    </Col>
  </Row>
</Grid>
`;
