// Jest Snapshot v1, https://goo.gl/fbAQLP

exports[`<TagList /> component <TagList />, renders the tag list with props 1`] = `
<TagList__List>
  <Link
    key="1"
    replace={false}
    to="/admin/tags/javascript"
  >
    <TagList__ListItem>
      <TagList__InnerList>
        <TagList__InnerListItem>
          <TagList__TagName>
            javascript
          </TagList__TagName>
        </TagList__InnerListItem>
        <TagList__InnerListItem>
          <TagList__TagDesc>
            0
          </TagList__TagDesc>
        </TagList__InnerListItem>
        <TagList__InnerListItem>
          <Trash
            fill="#222"
            name="Trash"
            onClick={[Function]}
            size={24}
          />
        </TagList__InnerListItem>
      </TagList__InnerList>
    </TagList__ListItem>
  </Link>
  <Link
    key="2"
    replace={false}
    to="/admin/tags/apple"
  >
    <TagList__ListItem>
      <TagList__InnerList>
        <TagList__InnerListItem>
          <TagList__TagName>
            apple
          </TagList__TagName>
        </TagList__InnerListItem>
        <TagList__InnerListItem>
          <TagList__TagDesc>
            0
          </TagList__TagDesc>
        </TagList__InnerListItem>
        <TagList__InnerListItem>
          <Trash
            fill="#222"
            name="Trash"
            onClick={[Function]}
            size={24}
          />
        </TagList__InnerListItem>
      </TagList__InnerList>
    </TagList__ListItem>
  </Link>
  <Link
    key="3"
    replace={false}
    to="/admin/tags/Skiing"
  >
    <TagList__ListItem>
      <TagList__InnerList>
        <TagList__InnerListItem>
          <TagList__TagName>
            Skiing
          </TagList__TagName>
        </TagList__InnerListItem>
        <TagList__InnerListItem>
          <TagList__TagDesc>
            0
          </TagList__TagDesc>
        </TagList__InnerListItem>
        <TagList__InnerListItem>
          <Trash
            fill="#222"
            name="Trash"
            onClick={[Function]}
            size={24}
          />
        </TagList__InnerListItem>
      </TagList__InnerList>
    </TagList__ListItem>
  </Link>
</TagList__List>
`;
