// Jest Snapshot v1, https://goo.gl/fbAQLP

exports[`<About /> renders snapshot 1`] = `
<div>
  <HelmetWrapper
    encodeSpecialCharacters={true}
    title="About"
  />
  <Headline
    type="h1"
  >
    About
  </Headline>
  <createWrappedComponent(Section)>
    <createWrappedComponent(Container)>
      <Headline
        type="h1"
      >
        About
      </Headline>
    </createWrappedComponent(Container)>
  </createWrappedComponent(Section)>
</div>
`;
