// Jest Snapshot v1, https://goo.gl/fbAQLP

exports[`<DashboardFooter /> renders snapshot 1`] = `
<footer
  className="boldrui-dash-footer"
>
  <Styled(Row)>
    <Styled(Col)
      md={9}
      sm={8}
    >
      <span
        className="boldrui-dash-footer-copyright"
      >
        widget
      </span>
    </Styled(Col)>
    <Styled(Col)
      md={3}
      sm={4}
    >
      <span
        className="boldrui-dash-footer-powered"
      >
        Powered by 
        <a
          href="https://boldr.io"
        >
          Boldr
        </a>
      </span>
    </Styled(Col)>
  </Styled(Row)>
</footer>
`;
