// Jest Snapshot v1, https://goo.gl/fbAQLP

exports[`<DashboardFooter /> renders snapshot 1`] = `
<footer
  className="boldrui-dash-footer"
>
  <Row
    componentClass="div"
  >
    <Col
      componentClass="div"
      md={9}
      sm={8}
    >
      <span
        className="boldrui-dash-footer-copyright"
      >
        widget
      </span>
    </Col>
    <Col
      componentClass="div"
      md={3}
      sm={4}
    >
      <span
        className="boldrui-dash-footer-powered"
      >
        Powered by 
        <a
          href="https://boldr.io"
        >
          Boldr
        </a>
      </span>
    </Col>
  </Row>
</footer>
`;
