// Jest Snapshot v1, https://goo.gl/fbAQLP

exports[`server side rendering 1`] = `
<FixtureComponent
  prop="baz"
/>
`;

exports[`server side rendering es6 1`] = `
<FixtureComponent
  prop="baz"
/>
`;

exports[`server side rendering flushing 1`] = `Array []`;

exports[`server side rendering flushing 2`] = `Array []`;
