// Jest Snapshot v1, https://goo.gl/fbAQLP

exports[`Layout renders snapshot 1`] = `
<boldruiComponent(Hero)
  className="boldr-admin-layout"
  isColor="info"
  isFullHeight={true}
>
  <HeroHeader>
    <ReactComponent />
  </HeroHeader>
  <HeroBody>
    <DashboardMain>
      Layout
    </DashboardMain>
  </HeroBody>
  <HeroFooter>
    <DashboardFooter />
  </HeroFooter>
</boldruiComponent(Hero)>
`;
