// Jest Snapshot v1, https://goo.gl/fbAQLP

exports[`<PostCard /> renders snapshot 1`] = `
<div
  className="boldrui-post-card"
>
  <Card
    expandable={false}
    expanded={null}
    initiallyExpanded={false}
  >
    <CardMedia
      overlay={
        <CardTitle
          subtitle="Invalid Date"
          title="Test Post"
        />
      }
    >
      <img
        alt="Test Post feature image"
      />
    </CardMedia>
    <CardText>
      <Row
        componentClass="div"
      >
        <Col
          componentClass="div"
          xs={12}
        >
          <Link
            className="readmore-link"
            replace={false}
            to="/blog/undefined"
          >
            <ButtonTooltipedInked
              inkTransitionEnterTimeout={450}
              inkTransitionLeaveTimeout={300}
              inkTransitionOverlap={150}
              label="Read More"
              onClick={[Function]}
              primary={true}
              raised={true}
            />
          </Link>
        </Col>
      </Row>
    </CardText>
    <CardActions>
      <TagBlock
        tags={null}
      />
    </CardActions>
  </Card>
</div>
`;
