exports[`<PostCard /> renders snapshot 1`] = `
<div
  className="post__card-wrapper">
  <Component
    fluid={true}>
    <Component />
    <Component>
      <Divider />
      <Component>
        <Link
          onlyActiveOnIndex={false}
          style={
            Object {
              "marginRight": "15px",
            }
          }
          to="/blog/undefined">
          <Component
            submit={false}
            type="default">
            Read More
          </Component>
        </Link>
        <Component />
      </Component>
    </Component>
  </Component>
</div>
`;
