exports[`<PostCard /> renders snapshot 1`] = `
<div
  className="post__card-wrapper">
  <Component
    fluid={true}>
    <Component />
    <Component>
      <Divider />
      <Component>
        <Link
          onlyActiveOnIndex={false}
          style={
            Object {
              "marginRight": "15px",
            }
          }
          to="/blog/undefined">
          <RaisedButton
            disabled={false}
            fullWidth={false}
            label="Read More"
            labelPosition="after"
            primary={true}
            secondary={false} />
        </Link>
        <Component />
      </Component>
    </Component>
  </Component>
</div>
`;
