exports[`<About /> renders snapshot 1`] = `
<div>
  <Boldr
    helmetMeta={
      <HelmetWrapper
        title="About" />
    }>
    Produced with ❤️ by  
    <a
      href="https://twitter.com/struesco"
      rel="noopener noreferrer"
      target="_blank">
      Steven Truesdell
    </a>
  </Boldr>
</div>
`;
