// Jest Snapshot v1, https://goo.gl/fbAQLP

exports[`<Settings /> renders snapshot 1`] = `
<div
  className="boldr-settings"
>
  <HelmetWrapper
    encodeSpecialCharacters={true}
    title="Admin: Settings"
  />
  <ExpansionList
    component="ul"
    style={
      Object {
        "padding": 16,
      }
    }
  >
    <Connect(SiteName) />
    <Connect(SiteUrl) />
    <Connect(Logo) />
    <Connect(SiteDescription) />
    <Connect(Favicon) />
  </ExpansionList>
</div>
`;
