exports[`<PostContent /> renders snapshot 1`] = `
<article>
  <Paper
    component="div"
    style={
      Object {
        "marginBottom": "50px",
        "padding": "1em",
      }
    }
    zDepth={2}>
    <PostTitle />
    <PostDate />
    <Divider />
    <div
      className="boldr-post__content"
      dangerouslySetInnerHTML={
        Object {
          "__html": undefined,
        }
      } />
  </Paper>
</article>
`;
