// Jest Snapshot v1, https://goo.gl/fbAQLP

exports[`<Error404 /> renders snapshot 1`] = `
<div
  className="error_wrapper"
>
  <Connect(BaseTemplate)
    helmetMeta={
      <HelmetWrapper
        encodeSpecialCharacters={true}
        title="404! You might be lost..."
      />
    }
  >
    <Styled(Component)
      palette="grayscale"
      size={1}
    >
      404!
    </Styled(Component)>
    <p>
      SORRY PAGE NOT FOUND
    </p>
  </Connect(BaseTemplate)>
</div>
`;
