// Jest Snapshot v1, https://goo.gl/fbAQLP

exports[`<Author /> renders snapshot 1`] = `
<div
  className="boldrui-sidebar-author"
>
  <styled.div>
    <Avatar
      role="presentation"
      src="abcd"
      suffixes={
        Array [
          "red",
          "pink",
          "purple",
          "deep-purple",
          "indigo",
          "blue",
          "light-blue",
          "cyan",
          "teal",
          "green",
          "light-green",
          "lime",
          "yellow",
          "amber",
          "orange",
          "deep-orange",
          "brown",
          "grey",
          "blue-grey",
        ]
      }
    />
  </styled.div>
  <styled.div>
    <Heading
      size={3}
    >
      <Link
        onlyActiveOnIndex={false}
        style={Object {}}
        to="/profiles/hey"
      >
        hey
      </Link>
    </Heading>
  </styled.div>
  <styled.div>
    bio bio
  </styled.div>
  <Social
    facebook={true}
    fburl="asf"
    ghurl="asf"
    github={true}
    google={true}
    gurl="asf"
    linkedin={true}
    lurl="asf"
    turl="asf"
    twitter={true}
  />
</div>
`;
