exports[`<Author /> renders snapshot 1`] = `
<div
  className="boldr-post__sidebar-author">
  <Heading
    size={3}>
    Author Details
  </Heading>
  <styled.ul>
    <styled.li>
      <Avatar
        role="presentation"
        src="abcd"
        suffixes={
          Array [
            "red",
            "pink",
            "purple",
            "deep-purple",
            "indigo",
            "blue",
            "light-blue",
            "cyan",
            "teal",
            "green",
            "light-green",
            "lime",
            "yellow",
            "amber",
            "orange",
            "deep-orange",
            "brown",
            "grey",
            "blue-grey",
          ]
        } />
       
    </styled.li>
    <styled.li>
      <Link
        onlyActiveOnIndex={false}
        style={Object {}}
        to="/profiles/hey">
        hey
      </Link>
    </styled.li>
    <styled.li>
      bio bio
    </styled.li>
    <Social
      facebook={true}
      fburl="asf"
      ghurl="asf"
      github={true}
      google={true}
      gurl="asf"
      linkedin={true}
      lurl="asf"
      turl="asf"
      twitter={true} />
  </styled.ul>
</div>
`;
