// Jest Snapshot v1, https://goo.gl/fbAQLP

exports[`<Author /> renders snapshot 1`] = `
<div
  className="boldrui-article-sidebar__author"
>
  <styled.div>
    <Avatar
      role="presentation"
      src="abcd"
      suffixes={
        Array [
          "red",
          "pink",
          "purple",
          "deep-purple",
          "indigo",
          "blue",
          "light-blue",
          "cyan",
          "teal",
          "green",
          "light-green",
          "lime",
          "yellow",
          "amber",
          "orange",
          "deep-orange",
          "brown",
          "grey",
          "blue-grey",
        ]
      }
    />
  </styled.div>
  <styled.div>
    <Headline
      type="h3"
    >
      <Link
        replace={false}
        to="/profiles/hey"
      >
        hey
      </Link>
    </Headline>
  </styled.div>
  <styled.div>
    bio bio
  </styled.div>
  <Social
    facebook={true}
    fburl="http://facebook.com"
    ghurl="http://facebook.com"
    github={true}
    google={true}
    gurl="http://facebook.com"
    iconSize="24px"
    linkedin={true}
    lurl="http://facebook.com"
    turl="http://facebook.com"
    twitter={true}
  />
</div>
`;
