// Jest Snapshot v1, https://goo.gl/fbAQLP

exports[`<Settings /> renders snapshot 1`] = `
<div>
  <HelmetWrapper
    defer={true}
    encodeSpecialCharacters={true}
    title="Admin: Settings"
  />
  <Settings__Content>
    <SettingsAside />
    <SettingForm
      id={1}
      key="site_name"
      label="Site Name"
      value="Boldr"
    />
    <SettingForm
      id={3}
      key="site_logo"
      label="Site Logo"
      value="https://boldr.io/boldr.png"
    />
    <SettingForm
      id={4}
      key="site_description"
      label="Site Description"
      value="A modern CMS"
    />
    <SettingForm
      id={5}
      key="favicon"
      label="Favicon"
      value="https://boldr.io/favicon.ico"
    />
    <SettingForm
      id={6}
      key="google_analytics"
      label="Google Analytics ID"
      value="UA-323432"
    />
    <SettingForm
      id={7}
      key="allow_registration"
      label="Allow Registration"
      value="true"
    />
    <SettingForm
      id={2}
      key="site_url"
      label="Site URL"
      value="abcd"
    />
  </Settings__Content>
</div>
`;
