// Jest Snapshot v1, https://goo.gl/fbAQLP

exports[`<Home /> renders snapshot 1`] = `
<div>
  <Connect(BaseTemplate)
    footer={
      <Footer
        single={false}
      />
    }
    helmetMeta={
      <HelmetWrapper
        encodeSpecialCharacters={true}
        title="Home"
      />
    }
    hero={
      <Hero
        bgColor="#00b4d0"
      >
        <Headline
          type="h1"
        >
          A
           
          <span
            style={
              Object {
                "color": "rgb(229, 0, 80)",
              }
            }
          >
            modern
          </span>
           
          content management framework.
        </Headline>
      </Hero>
    }
  >
    <Grid
      componentClass="div"
    >
      <Row
        componentClass="div"
        style={
          Object {
            "paddingTop": "75px",
          }
        }
      >
        <Col
          componentClass="div"
          md={4}
          xs={12}
        >
          <Headline
            type="h2"
          >
            Placeholder 1
          </Headline>
          <Paragraph
            isLead={false}
          >
            Eget mattis at, laoreet vel et velit aliquam diam ante, aliquet sit amet vulputate. Eget mattis at, laoreet vel velit lorem.
          </Paragraph>
        </Col>
        <Col
          componentClass="div"
          md={4}
          xs={12}
        >
          <Headline
            type="h2"
          >
            Placeholder 2
          </Headline>
          <Paragraph
            isLead={false}
          >
            Eget mattis at, laoreet vel et velit aliquam diam ante, aliquet sit amet vulputate. Eget mattis at, laoreet vel velit lorem.
          </Paragraph>
        </Col>
        <Col
          componentClass="div"
          md={4}
          xs={12}
        >
          <Headline
            type="h2"
          >
            Placeholder 3
          </Headline>
          <Paragraph
            isLead={false}
          >
            Eget mattis at, laoreet vel et velit aliquam diam ante, aliquet sit amet vulputate. Eget mattis at, laoreet vel velit lorem.
          </Paragraph>
        </Col>
      </Row>
    </Grid>
  </Connect(BaseTemplate)>
</div>
`;
