// Jest Snapshot v1, https://goo.gl/fbAQLP

exports[`<Home /> renders snapshot 1`] = `
<div>
  <Connect(BaseTemplate)
    footer={
      <Footer
        single={false}
      />
    }
    helmetMeta={
      <HelmetWrapper
        encodeSpecialCharacters={true}
        title="Home"
      />
    }
    hero={
      <Hero
        bgColor="#01579b"
      >
        <Styled(Component)
          palette="grayscale"
          size={1}
        >
          A
           
          <span
            style={
              Object {
                "color": "rgb(229, 0, 80)",
              }
            }
          >
            modern
          </span>
           
          content management framework.
        </Styled(Component)>
      </Hero>
    }
  >
    <Row
      style={
        Object {
          "padding": "25px",
        }
      }
    >
      <styled.p>
        Placeholder
      </styled.p>
    </Row>
  </Connect(BaseTemplate)>
</div>
`;
