// Jest Snapshot v1, https://goo.gl/fbAQLP

exports[`<Notifications /> +++ renders snapshot 1`] = `
<div
  className={
    Array [
      "boldrui-notification__container ",
    ]
  }
>
  <CSSTransitionGroup
    transitionAppear={false}
    transitionEnter={true}
    transitionEnterTimeout={140}
    transitionLeave={true}
    transitionLeaveTimeout={600}
    transitionName="boldrui-notification__transition"
  >
    <Notification
      componentClassName="boldrui-notification"
      dismissAfter={3000}
      id={1}
      kind="error"
      message="There was a problem uploading."
      onActionClick={null}
      onDismiss={[Function]}
    />
    <Notification
      componentClassName="boldrui-notification"
      dismissAfter={3000}
      id={2}
      kind="success"
      message="Upload success!"
      onActionClick={null}
      onDismiss={[Function]}
    />
    <Notification
      componentClassName="boldrui-notification"
      dismissAfter={3000}
      id={3}
      kind="success"
      message="Removed file"
      onActionClick={null}
      onDismiss={[Function]}
    />
  </CSSTransitionGroup>
</div>
`;
