// Jest Snapshot v1, https://goo.gl/fbAQLP

exports[`<Notifications /> +++ renders snapshot 1`] = `
<div
  className={
    Array [
      "boldr-notification__container ",
    ]
  }
>
  <TransitionGroup
    childFactory={[Function]}
    component="span"
    transitionEnterTimeout={600}
    transitionLeaveTimeout={600}
    transitionName="boldr-notification__transition"
  >
    <Notification
      componentClassName="boldr-notification"
      dismissAfter={3000}
      id={1}
      kind="error"
      message="There was a problem uploading."
      onDismiss={[Function]}
    />
    <Notification
      componentClassName="boldr-notification"
      dismissAfter={3000}
      id={2}
      kind="success"
      message="Upload success!"
      onDismiss={[Function]}
    />
    <Notification
      componentClassName="boldr-notification"
      dismissAfter={3000}
      id={3}
      kind="success"
      message="Removed file"
      onDismiss={[Function]}
    />
  </TransitionGroup>
</div>
`;
